[juridia.ma/index.html]
[backblue.gif]
[fade.gif]
[index.html]
[juridia.ma/wp-content/plugins/header-footer-elementor/inc/widgets-css/frontend950a.css]
[juridia.ma/feed/index.html]
[juridia.ma/comments/feed/index.html]
[juridia.ma/wp-content/plugins/app_service_email/public/css/app_service_email-public1576.css]
[juridia.ma/wp-content/plugins/header-footer-elementor/assets/css/header-footer-elementor950a.css]
[juridia.ma/wp-content/plugins/elementor/assets/css/frontend.min414b.css]
[juridia.ma/wp-content/uploads/elementor/css/post-87e9f.css]
[juridia.ma/wp-content/uploads/elementor/css/post-2891c5.css]
[juridia.ma/wp-content/uploads/elementor/css/post-90037.css]
[juridia.ma/wp-content/uploads/elementor/css/post-13b3fd.css]
[juridia.ma/wp-content/plugins/elementor/assets/lib/eicons/css/elementor-icons.min705c.css]
[juridia.ma/wp-content/plugins/elementor/assets/css/widget-icon-list.min44b4.css]
[juridia.ma/wp-content/plugins/elementor/assets/css/widget-social-icons.min2401.css]
[juridia.ma/wp-content/plugins/elementor/assets/lib/font-awesome/css/brands52d5.css]
[juridia.ma/wp-content/plugins/elementor/assets/lib/font-awesome/css/fontawesome52d5.css]
[juridia.ma/wp-content/plugins/elementor/assets/lib/font-awesome/css/solid52d5.css]
[juridia.ma/wp-content/plugins/elementor-pro/assets/css/widget-blockquote.min.f503b.delayed]
[juridia.ma/wp-content/plugins/elementor-pro/assets/css/widget-mega-menu.min.109e35.delayed]
[juridia.ma/wp-content/plugins/elementor-pro/assets/css/widget-nav-menu.min.1142e3.delayed]
[juridia.ma/wp-content/uploads/elementor/google-fonts/css/roboto0b7f.css]
[juridia.ma/wp-content/uploads/elementor/google-fonts/css/robotoslab9b2c.css]
[juridia.ma/wp-includes/js/jquery/jquery.minf43b.js]
[juridia.ma/wp-includes/js/jquery/jquery-migrate.min5589.js]
[juridia.ma/wp-content/plugins/app_service_email/public/js/app_service_email-public1576.js]
[juridia.ma/wp-json/index.html]
[juridia.ma/wp-json/wp/v2/pages/28.json]
[juridia.ma/wp-json/oembed/1.0/embed8add.json]
[juridia.ma/wp-json/oembed/1.0/embed3f57]
[juridia.ma/wp-content/themes/twentytwentyfour/assets/fonts/inter/Inter-VariableFont_slnt,wght.woff2]
[juridia.ma/wp-content/themes/twentytwentyfour/assets/fonts/cardo/cardo_normal_400.woff2]
[juridia.ma/wp-content/themes/twentytwentyfour/assets/fonts/cardo/cardo_italic_400.woff2]
[juridia.ma/wp-content/themes/twentytwentyfour/assets/fonts/cardo/cardo_normal_700.woff2]
[juridia.ma/wp-content/uploads/2025/04/site-logo-150x150.png]
[juridia.ma/wp-content/uploads/2025/04/site-logo-300x300.png]
[www.juridia.ma/wp-content/uploads/2025/03/logo_full.png]
[ajax.googleapis.com/ajax/libs/webfont/1.6.26/webfont.js]
[juridia.ma/wp-content/uploads/2025/03/search_v2.gif]
[juridia.ma/wp-content/uploads/2025/03/chat_v2.gif]
[juridia.ma/wp-content/uploads/2025/03/contract_v2.gif]
[juridia.ma/wp-content/uploads/2025/03/cdg_prevoyance.jpg]
[juridia.ma/wp-content/uploads/2025/03/mtl.jpg]
[juridia.ma/wp-content/uploads/2025/03/grant_thornton.png]
[juridiawor-339d0f783f-endpoint.azureedge.net/blobjuridiawor339d0f783f/wp-content/uploads/2025/03/Contrat.jpg]
[juridia.ma/wp-content/uploads/2025/04/logo-cmi-open.png]
[juridia.ma/wp-content/uploads/2025/04/verified_by_visa.jpg]
[juridia.ma/wp-content/uploads/2025/04/mastercard_secure.png]
[juridia.ma/wp-content/uploads/2025/04/RapidSSL.png]
[juridia.ma/wp-content/uploads/2025/04/payzone.png]
[juridia.ma/condition-generales-de-vente-et-utilisation/index.html]
[juridia.ma/politiques-de-confidentialite/index.html]
[juridia.ma/wp-includes/js/comment-reply.mind1c0.js]
[juridia.ma/cookies/index.html]
[juridia.ma/wp-content/plugins/pro-elements/assets/js/webpack-pro.runtime.min1b64.js]
[juridia.ma/wp-content/plugins/elementor/assets/js/webpack.runtime.min414b.js]
[juridia.ma/wp-content/plugins/elementor/assets/js/frontend-modules.min414b.js]
[juridia.ma/wp-includes/js/dist/hooks.min4fdd.js]
[juridia.ma/wp-includes/js/dist/i18n.minc33c.js]
[juridia.ma/wp-content/plugins/pro-elements/assets/js/frontend.min1b64.js]
[juridia.ma/wp-includes/js/jquery/ui/core.minb37e.js]
[juridia.ma/wp-content/plugins/elementor/assets/js/frontend.min414b.js]
[juridia.ma/index.html]
[juridia.ma/xmlrpc.html]
[juridia.ma/wp-content/plugins/header-footer-elementor/inc/widgets-css/frontend950a.css]
[juridia.ma/wp-content/plugins/app_service_email/public/css/app_service_email-public1576.css]
[juridia.ma/wp-content/plugins/header-footer-elementor/assets/css/header-footer-elementor950a.css]
[juridia.ma/wp-content/plugins/elementor/assets/css/frontend.min414b.css]
[juridia.ma/wp-content/uploads/elementor/css/post-87e9f.css]
[juridia.ma/wp-content/uploads/elementor/css/post-2891c5.css]
[juridia.ma/wp-content/uploads/elementor/css/post-90037.css]
[juridia.ma/wp-content/uploads/elementor/css/post-13b3fd.css]
[juridia.ma/wp-content/plugins/pro-elements/assets/js/elements-handlers.min1b64.js]
[juridia.ma/wp-content/plugins/elementor/assets/lib/eicons/fonts/eiconsfcca.eot]
[juridia.ma/wp-content/plugins/elementor/assets/lib/eicons/fonts/eiconsfcca.woff2]
[juridia.ma/wp-content/plugins/elementor/assets/lib/eicons/fonts/eiconsfcca.woff]
[juridia.ma/wp-content/plugins/elementor/assets/lib/eicons/fonts/eiconsfcca.ttf]
[juridia.ma/wp-content/plugins/elementor/assets/lib/eicons/css/elementor-icons.min705c.css]
[juridia.ma/wp-content/plugins/elementor/assets/css/widget-icon-list.min44b4.css]
[juridia.ma/wp-content/plugins/elementor/assets/css/widget-social-icons.min2401.css]
[juridia.ma/wp-content/plugins/elementor/assets/lib/font-awesome/webfonts/fa-brands-400.eot]
[juridia.ma/wp-content/plugins/elementor/assets/lib/font-awesome/webfonts/fa-brands-400d41d.eot]
[juridia.ma/wp-content/plugins/elementor/assets/lib/font-awesome/webfonts/fa-brands-400.woff2]
[juridia.ma/wp-content/plugins/elementor/assets/lib/font-awesome/webfonts/fa-brands-400.woff]
[juridia.ma/wp-content/plugins/elementor/assets/lib/font-awesome/webfonts/fa-brands-400.ttf]
[juridia.ma/wp-content/plugins/elementor/assets/lib/font-awesome/css/brands52d5.css]
[juridia.ma/wp-content/plugins/elementor/assets/lib/font-awesome/css/fontawesome52d5.css]
[juridia.ma/wp-content/plugins/elementor/assets/lib/font-awesome/webfonts/fa-solid-900.eot]
[juridia.ma/wp-content/plugins/elementor/assets/lib/font-awesome/webfonts/fa-solid-900d41d.eot]
[juridia.ma/wp-content/plugins/elementor/assets/lib/font-awesome/webfonts/fa-solid-900.woff2]
[juridia.ma/wp-content/plugins/elementor/assets/lib/font-awesome/webfonts/fa-solid-900.woff]
[juridia.ma/wp-content/plugins/elementor/assets/lib/font-awesome/webfonts/fa-solid-900.ttf]
[juridia.ma/wp-content/plugins/elementor/assets/lib/font-awesome/css/solid52d5.css]
[juridia.ma/wp-content/plugins/elementor-pro/assets/css/widget-blockquote.min503b.html]
[juridia.ma/wp-content/plugins/elementor-pro/assets/css/widget-mega-menu.min9e35.html]
[juridia.ma/wp-content/plugins/elementor-pro/assets/css/widget-nav-menu.min42e3.html]
[juridia.ma/wp-content/uploads/elementor/google-fonts/fonts/roboto-kfo5cnqeu92fr1mu53zec9_vu3r1gihoszmkc3kawzu.woff2]
[juridia.ma/wp-content/uploads/elementor/google-fonts/fonts/roboto-kfo5cnqeu92fr1mu53zec9_vu3r1gihoszmkankawzu.woff2]
[juridia.ma/wp-content/uploads/elementor/google-fonts/fonts/roboto-kfo5cnqeu92fr1mu53zec9_vu3r1gihoszmkcnkawzu.woff2]
[juridia.ma/wp-content/uploads/elementor/google-fonts/fonts/roboto-kfo5cnqeu92fr1mu53zec9_vu3r1gihoszmkbxkawzu.woff2]
[juridia.ma/wp-content/uploads/elementor/google-fonts/fonts/roboto-kfo5cnqeu92fr1mu53zec9_vu3r1gihoszmkenkawzu.woff2]
[juridia.ma/wp-content/uploads/elementor/google-fonts/fonts/roboto-kfo5cnqeu92fr1mu53zec9_vu3r1gihoszmkahkawzu.woff2]
[juridia.ma/wp-content/uploads/elementor/google-fonts/fonts/roboto-kfo5cnqeu92fr1mu53zec9_vu3r1gihoszmkcxkawzu.woff2]
[juridia.ma/wp-content/uploads/elementor/google-fonts/fonts/roboto-kfo5cnqeu92fr1mu53zec9_vu3r1gihoszmkchkawzu.woff2]
[juridia.ma/wp-content/uploads/elementor/google-fonts/fonts/roboto-kfo5cnqeu92fr1mu53zec9_vu3r1gihoszmkbnka.woff2]
[juridia.ma/wp-content/uploads/elementor/google-fonts/fonts/roboto-kfo7cnqeu92fr1me7ksn66agldtyluama3gubgee.woff2]
[juridia.ma/wp-content/uploads/elementor/google-fonts/fonts/roboto-kfo7cnqeu92fr1me7ksn66agldtyluama3iubgee.woff2]
[juridia.ma/wp-content/uploads/elementor/google-fonts/fonts/roboto-kfo7cnqeu92fr1me7ksn66agldtyluama3cubgee.woff2]
[juridia.ma/wp-content/uploads/elementor/google-fonts/fonts/roboto-kfo7cnqeu92fr1me7ksn66agldtyluama3-ubgee.woff2]
[juridia.ma/wp-content/uploads/elementor/google-fonts/fonts/roboto-kfo7cnqeu92fr1me7ksn66agldtyluamawcubgee.woff2]
[juridia.ma/wp-content/uploads/elementor/google-fonts/fonts/roboto-kfo7cnqeu92fr1me7ksn66agldtyluamaxkubgee.woff2]
[juridia.ma/wp-content/uploads/elementor/google-fonts/fonts/roboto-kfo7cnqeu92fr1me7ksn66agldtyluama3oubgee.woff2]
[juridia.ma/wp-content/uploads/elementor/google-fonts/fonts/roboto-kfo7cnqeu92fr1me7ksn66agldtyluama3kubgee.woff2]
[juridia.ma/wp-content/uploads/elementor/google-fonts/fonts/roboto-kfo7cnqeu92fr1me7ksn66agldtyluama3yuba.woff2]
[juridia.ma/wp-content/uploads/elementor/google-fonts/css/roboto0b7f.css]
[juridia.ma/wp-content/uploads/elementor/google-fonts/fonts/robotoslab-bngmuxzytxpivibgjjsb6ufa5qw54a.woff2]
[juridia.ma/wp-content/uploads/elementor/google-fonts/fonts/robotoslab-bngmuxzytxpivibgjjsb6ufj5qw54a.woff2]
[juridia.ma/wp-content/uploads/elementor/google-fonts/fonts/robotoslab-bngmuxzytxpivibgjjsb6ufb5qw54a.woff2]
[juridia.ma/wp-content/uploads/elementor/google-fonts/fonts/robotoslab-bngmuxzytxpivibgjjsb6ufo5qw54a.woff2]
[juridia.ma/wp-content/uploads/elementor/google-fonts/fonts/robotoslab-bngmuxzytxpivibgjjsb6ufc5qw54a.woff2]
[juridia.ma/wp-content/uploads/elementor/google-fonts/fonts/robotoslab-bngmuxzytxpivibgjjsb6ufd5qw54a.woff2]
[juridia.ma/wp-content/uploads/elementor/google-fonts/fonts/robotoslab-bngmuxzytxpivibgjjsb6ufn5qu.woff2]
[juridia.ma/wp-content/uploads/elementor/google-fonts/css/robotoslab9b2c.css]
[juridia.ma/xmlrpc0db0.html]
[www.googletagmanager.com/gtm5445.html]
[juridia.ma/wp-content/uploads/2025/03/sanlam.svg]
[juridia.ma/wp-json/wp/v2/pages/532.json]
[juridia.ma/wp-json/oembed/1.0/embedc2bb.json]
[juridia.ma/condition-generales-de-vente-et-utilisation/index.html]
[juridia.ma/wp-json/oembed/1.0/embedf4aa]
[juridia.ma/wp-json/wp/v2/pages/3.json]
[juridia.ma/wp-json/oembed/1.0/embed8744.json]
[juridia.ma/politiques-de-confidentialite/index.html]
[juridia.ma/wp-json/oembed/1.0/embedf4cb]
[juridia.ma/wp-json/wp/v2/pages/548.json]
[juridia.ma/wp-json/oembed/1.0/embed85d0.json]
[juridia.ma/cookies/index.html]
[juridia.ma/wp-content/plugins/elementor/assets/lib/eicons/fonts/eiconsfcca.svg]
[juridia.ma/wp-content/plugins/elementor/assets/lib/font-awesome/webfonts/fa-brands-400.svg]
[juridia.ma/wp-json/oembed/1.0/embedb752]
[juridia.ma/wp-content/plugins/elementor/assets/lib/font-awesome/webfonts/fa-solid-900.svg]
[juridia.ma/index0745.html]
[juridia.ma/index2207.html]
[juridia.ma/index1dc8.html]
